// Jest Snapshot v1, https://jestjs.io/docs/snapshot-testing

exports[`genBrainAtom credential fail-fast given: [case1] no ANTHROPIC_API_KEY and no injected client when: [t0] ask is called then: the full message reads as a caller would see it 1`] = `
"BadRequestError: no anthropic credential found — set ANTHROPIC_API_KEY, or inject a client via context.anthropic

{
  "slug": "claude/sonnet",
  "hint": "a keyrack unlock alone does NOT reach this call: it fills a vault, not this process env. run \`eval \\"$(rhx keyrack source --key ANTHROPIC_API_KEY --env test --owner ehmpath)\\"\` first, or use a runner that injects it (e.g. \`rhx git.repo.test\`)"
}"
`;
